warning: unused variable: `x`
  --> $DIR/lint-allow-warnings-warn-unused-cmdline.rs:7:9
   |
LL |     let x = 3;
   |         ^ help: consider using `_x` instead
   |
   = note: requested on the command line with `-W unused-variables`

